2025-12-21 06:40:12,473 - INFO - Created folder: Images
2025-12-21 06:40:12,477 - INFO - Moved 01.jpg to Images
2025-12-21 06:40:12,478 - INFO - Created folder: Others
2025-12-21 06:40:12,481 - INFO - Moved 02 - Preminche Premavaa  - SenSongsMp3.co.mp3 to Others
2025-12-21 06:40:12,485 - INFO - Moved 02.jpg to Images
2025-12-21 06:40:12,488 - INFO - Moved 03.jpg to Images
2025-12-21 06:40:12,494 - INFO - Moved 04.jpg to Images
2025-12-21 06:40:12,498 - INFO - Moved 05.jpg to Images
2025-12-21 06:40:12,502 - INFO - Moved 06.jpg to Images
2025-12-21 06:40:12,505 - INFO - Moved 1.jpg to Images
2025-12-21 06:40:12,508 - INFO - Moved and lord krishna will spin the sudhrshana chakra with style include this.jpg to Images
2025-12-21 06:40:12,511 - INFO - Moved android-studio-2025.1.3.7-windows.exe to Others
2025-12-21 06:40:12,513 - INFO - Moved AnyDesk.exe to Others
2025-12-21 06:40:12,513 - INFO - Created folder: Documents
2025-12-21 06:40:12,515 - INFO - Moved APEdCET-25-Final phase-Detailed Notification_28092025100910.pdf (1).pdf to Documents
2025-12-21 06:40:12,517 - INFO - Moved APEdCET-25-Final phase-Detailed Notification_28092025100910.pdf (2).pdf to Documents
2025-12-21 06:40:12,518 - INFO - Moved APEdCET-25-Final phase-Detailed Notification_28092025100910.pdf (3).pdf to Documents
2025-12-21 06:40:12,520 - INFO - Moved APEdCET-25-Final phase-Detailed Notification_28092025100910.pdf.pdf to Documents
2025-12-21 06:40:12,522 - INFO - Moved bigdata.jpg to Images
2025-12-21 06:40:12,525 - INFO - Moved block.html to Others
2025-12-21 06:40:12,527 - INFO - Moved cat.jpg to Images
2025-12-21 06:40:12,529 - INFO - Moved ChromeSetup.exe to Others
2025-12-21 06:40:12,530 - INFO - Moved cloud apps.jpg to Images
2025-12-21 06:40:12,531 - INFO - Moved coll.jpg to Images
2025-12-21 06:40:12,533 - INFO - Moved comet_installer_latest.exe to Others
2025-12-21 06:40:12,535 - INFO - Moved desktop.ini to Others
2025-12-21 06:40:12,537 - INFO - Moved ecomm.jpg to Images
2025-12-21 06:40:12,541 - INFO - Moved gan.jpg to Images
2025-12-21 06:40:12,544 - INFO - Moved get-pip.py to Others
2025-12-21 06:40:12,546 - INFO - Moved Git-2.51.0.2-64-bit.exe to Others
2025-12-21 06:40:12,547 - INFO - Moved GitHubDesktopSetup-x64.exe to Others
2025-12-21 06:40:12,549 - INFO - Moved HD-wallpaper-doraemon-wala-littel-heart-doremon-anime-cartoon.jpg to Images
2025-12-21 06:40:12,550 - INFO - Moved HD-wallpaper-doraemon-with-stars-doraemon-stars-cartoon-blue-animated-wink.jpg to Images
2025-12-21 06:40:12,553 - INFO - Moved iot.jpg to Images
2025-12-21 06:40:12,554 - INFO - Moved jdk-8u461-windows-x64.exe to Others
2025-12-21 06:40:12,556 - INFO - Moved library.docx to Documents
2025-12-21 06:40:12,558 - INFO - Moved Microsoft.Management.Deployment.winmd to Others
2025-12-21 06:40:12,560 - INFO - Moved mini proj.pdf to Documents
2025-12-21 06:40:12,561 - INFO - Moved mini proj12.pdf to Documents
2025-12-21 06:40:12,562 - INFO - Moved msys2-x86_64-20241208.exe to Others
2025-12-21 06:40:12,565 - INFO - Moved mysql-installer-community-8.0.44.0 (1).msi to Others
2025-12-21 06:40:12,566 - INFO - Moved OperaGXSetup (1).exe to Others
2025-12-21 06:40:12,568 - INFO - Moved OperaGXSetup.exe to Others
2025-12-21 06:40:12,569 - INFO - Moved pdf-reader-pdfviewer-pdfeditor-50-68938127-112a4c4cac7063f493a968745a1a0f83.apk to Others
2025-12-21 06:40:12,571 - INFO - Moved Prema Swaramulalo - SenSongsmp3.Co.mp3 to Others
2025-12-21 06:40:12,572 - INFO - Moved python-3.13.7-amd64.exe to Others
2025-12-21 06:40:12,577 - INFO - Moved python-manager-25.0.msix to Others
2025-12-21 06:40:12,579 - INFO - Moved real.jpg to Images
2025-12-21 06:40:12,580 - INFO - Moved Resume Template (1) (1).pdf to Documents
2025-12-21 06:40:12,582 - INFO - Moved Resume Template (1).docx to Documents
2025-12-21 06:40:12,583 - INFO - Moved Resume Template (1).pdf to Documents
2025-12-21 06:40:12,584 - INFO - Moved Resume Template.docx to Documents
2025-12-21 06:40:12,586 - INFO - Moved resume.pdf to Documents
2025-12-21 06:40:12,587 - INFO - Moved Sai_Vyshnavi_Jana_Visualization_Library_Documentation (1).pdf to Documents
2025-12-21 06:40:12,595 - INFO - Moved Sai_Vyshnavi_Jana_Visualization_Library_Documentation.pdf to Documents
2025-12-21 06:40:12,597 - INFO - Moved sql-course-materials.zip to Others
2025-12-21 06:40:12,599 - INFO - Moved start.jpg to Images
2025-12-21 06:40:12,600 - INFO - Moved start1.jpg to Images
2025-12-21 06:40:12,602 - INFO - Moved storage.jpg to Images
2025-12-21 06:40:12,603 - INFO - Moved sublime_text_build_4200_x64_setup.exe to Others
2025-12-21 06:40:12,605 - INFO - Moved thank.jpg to Images
2025-12-21 06:40:12,608 - INFO - Moved tsetup-x64.6.1.3.exe to Others
2025-12-21 06:40:12,609 - INFO - Created folder: Videos
2025-12-21 06:40:12,611 - INFO - Moved Untitled design.mp4 to Videos
2025-12-21 06:40:12,613 - INFO - Moved VLC Installer.exe to Others
2025-12-21 06:40:12,614 - INFO - Moved VSCodeUserSetup-x64-1.103.1.exe to Others
2025-12-21 06:40:12,615 - INFO - Moved web apps.jpg to Images
2025-12-21 06:40:12,616 - INFO - Moved WhatsApp Image 2025-08-24 at 19.53.49_17ee1fbd.jpg to Images
2025-12-21 06:40:12,618 - INFO - Moved WhatsApp Image 2025-08-24 at 19.53.49_5c79e32a.jpg to Images
2025-12-21 06:40:12,619 - INFO - Moved with lightenings.jpg to Images
2025-12-21 06:40:12,621 - INFO - Moved Zoom_cm_fo42pnktZ9vvrZo4_mG9Qaz25UDE5F6CcGJnKYZswNnBGeWMLJZfgA@3SKTC5izPVf6UdDK_kc9b9c21197225871_.exe to Others
2025-12-21 06:40:12,621 - INFO - File organization completed.
2025-12-21 06:51:19,886 - INFO - File organization completed.
2025-12-21 06:56:35,977 - INFO - Logger initialized successfully
